components/experience.tsx(168,52): error TS2339: Property 'period' does not exist on type 'Milestone | { _id: string; year: string; title: string; description: string; tags: string[]; }'.
  Property 'period' does not exist on type '{ _id: string; year: string; title: string; description: string; tags: string[]; }'.
components/experience.tsx(181,51): error TS2339: Property 'technologies' does not exist on type 'Milestone | { _id: string; year: string; title: string; description: string; tags: string[]; }'.
  Property 'technologies' does not exist on type '{ _id: string; year: string; title: string; description: string; tags: string[]; }'.
components/experience.tsx(181,71): error TS7006: Parameter 'tag' implicitly has an 'any' type.
components/ui/form.tsx(14,8): error TS2307: Cannot find module 'react-hook-form' or its corresponding type declarations.
components/ui/sidebar.tsx(8,29): error TS2307: Cannot find module '@/hooks/use-mobile' or its corresponding type declarations.
